// Jest Snapshot v1, https://goo.gl/fbAQLP

exports[`Checkbox component isDisabled 1`] = `
<div
  className="css-view-175oi2r"
  data-style="896xuz-1q64x7k n7aciq-1q64x7k"
  dir={null}
>
  <div
    className="css-view-175oi2r"
    data-style="wj8veg-1hh0pc0 yljpgc-5lm9f0"
    dir={null}
  >
    <div
      className="css-view-175oi2r"
      data-style="896xuz-1q64x7k n7aciq-1q64x7k"
      dir={null}
    >
      <div
        className="css-view-175oi2r"
        data-style="wj8veg-1hh0pc0 yljpgc-5lm9f0"
        dir={null}
      >
        <div
          className="css-view-175oi2r"
          data-style="wj8veg-1hh0pc0"
          dir={null}
        >
          <div
            className="css-text-1rynq56"
            data-style="1milmwi-1k7pv9v 1milmwi-1j1xgf6"
            dir="auto"
          >
            (Selected: 0)
          </div>
          <div
            aria-disabled={true}
            className="css-view-175oi2r"
            data-style="896xuz-1q64x7k"
            dir={null}
            id="checkbox-group"
            role="group"
          >
            <label
              aria-label="Checkbox"
              className="css-view-175oi2r"
              data-style="1p9eydi-1mdhnmt 1p9eydi-1amfmud"
              dir={null}
              id="checkbox-1"
            >
              <div
                onBlur={null}
                onFocus={null}
                style={
                  {
                    "border": 0,
                    "clip": "rect(0 0 0 0)",
                    "clipPath": "inset(50%)",
                    "height": 1,
                    "margin": "0 -1px -1px 0",
                    "overflow": "hidden",
                    "padding": 0,
                    "position": "absolute",
                    "whiteSpace": "nowrap",
                    "width": 1,
                  }
                }
              >
                <input
                  aria-label="Label 1"
                  checked={false}
                  disabled={true}
                  onBlur={[Function]}
                  onChange={[Function]}
                  onClick={[Function]}
                  onDragStart={[Function]}
                  onFocus={[Function]}
                  onKeyDown={[Function]}
                  onKeyUp={[Function]}
                  onMouseDown={[Function]}
                  onMouseEnter={[Function]}
                  onMouseLeave={[Function]}
                  onMouseUp={[Function]}
                  onTouchCancel={[Function]}
                  onTouchEnd={[Function]}
                  onTouchMove={[Function]}
                  onTouchStart={[Function]}
                  type="checkbox"
                  value="Label 1"
                />
              </div>
              <div
                className="css-view-175oi2r"
                data-style="1llw3v1-1jvh2c 1llw3v1-k4pcl5"
                dir={null}
              >
                <svg
                  data-style="b2xdcj-41m04e b2xdcj-qq5o9s 1ce6dyn-odyoag"
                >
                  <svg
                    data-style="e1czrg-161uaf5 e1czrg-1374l6k 896xuz-1q64x7k"
                    role="img"
                    size="md"
                    viewBox="0 0 24 24"
                  >
                    <g>
                      <path
                        d="M8.53115 15.1856L3.96198 10.744L2 12.6512L8.53115 19L22 5.9072L20.038 4L8.53115 15.1856Z"
                        fill="currentColor"
                        stroke=""
                      />
                    </g>
                  </svg>
                </svg>
              </div>
              <div
                className="css-text-1rynq56"
                data-style="y756bg-sp0qff y756bg-g4j413"
                dir="auto"
              >
                Label 1
              </div>
            </label>
            <label
              aria-label="Checkbox"
              className="css-view-175oi2r"
              data-style="1p9eydi-1mdhnmt 1p9eydi-1amfmud"
              dir={null}
              id="checkbox-2"
            >
              <div
                onBlur={null}
                onFocus={null}
                style={
                  {
                    "border": 0,
                    "clip": "rect(0 0 0 0)",
                    "clipPath": "inset(50%)",
                    "height": 1,
                    "margin": "0 -1px -1px 0",
                    "overflow": "hidden",
                    "padding": 0,
                    "position": "absolute",
                    "whiteSpace": "nowrap",
                    "width": 1,
                  }
                }
              >
                <input
                  aria-label="Label 2"
                  checked={false}
                  disabled={true}
                  onBlur={[Function]}
                  onChange={[Function]}
                  onClick={[Function]}
                  onDragStart={[Function]}
                  onFocus={[Function]}
                  onKeyDown={[Function]}
                  onKeyUp={[Function]}
                  onMouseDown={[Function]}
                  onMouseEnter={[Function]}
                  onMouseLeave={[Function]}
                  onMouseUp={[Function]}
                  onTouchCancel={[Function]}
                  onTouchEnd={[Function]}
                  onTouchMove={[Function]}
                  onTouchStart={[Function]}
                  type="checkbox"
                  value="Label 2"
                />
              </div>
              <div
                className="css-view-175oi2r"
                data-style="1llw3v1-1jvh2c 1llw3v1-k4pcl5"
                dir={null}
              >
                <svg
                  data-style="b2xdcj-41m04e b2xdcj-qq5o9s 1ce6dyn-odyoag"
                >
                  <svg
                    data-style="e1czrg-161uaf5 e1czrg-1374l6k 896xuz-1q64x7k"
                    role="img"
                    size="md"
                    viewBox="0 0 24 24"
                  >
                    <g>
                      <path
                        d="M8.53115 15.1856L3.96198 10.744L2 12.6512L8.53115 19L22 5.9072L20.038 4L8.53115 15.1856Z"
                        fill="currentColor"
                        stroke=""
                      />
                    </g>
                  </svg>
                </svg>
              </div>
              <div
                className="css-text-1rynq56"
                data-style="y756bg-sp0qff y756bg-g4j413"
                dir="auto"
              >
                Label 2
              </div>
            </label>
          </div>
        </div>
      </div>
    </div>
  </div>
</div>
`;

exports[`Checkbox component isInvalid 1`] = `
<div
  className="css-view-175oi2r"
  data-style="896xuz-1q64x7k n7aciq-1q64x7k"
  dir={null}
>
  <div
    className="css-view-175oi2r"
    data-style="wj8veg-1hh0pc0 yljpgc-5lm9f0"
    dir={null}
  >
    <div
      className="css-view-175oi2r"
      data-style="896xuz-1q64x7k n7aciq-1q64x7k"
      dir={null}
    >
      <div
        className="css-view-175oi2r"
        data-style="wj8veg-1hh0pc0 yljpgc-5lm9f0"
        dir={null}
      >
        <div
          className="css-view-175oi2r"
          data-style="wj8veg-1hh0pc0"
          dir={null}
        >
          <div
            className="css-text-1rynq56"
            data-style="1milmwi-1k7pv9v 1milmwi-1j1xgf6"
            dir="auto"
          >
            (Selected: 0)
          </div>
          <div
            className="css-view-175oi2r"
            data-style="896xuz-1q64x7k"
            dir={null}
            id="checkbox-group"
            role="group"
          >
            <label
              aria-label="Checkbox"
              className="css-view-175oi2r"
              data-style="1p9eydi-1mdhnmt"
              dir={null}
              id="checkbox-1"
            >
              <div
                onBlur={null}
                onFocus={null}
                style={
                  {
                    "border": 0,
                    "clip": "rect(0 0 0 0)",
                    "clipPath": "inset(50%)",
                    "height": 1,
                    "margin": "0 -1px -1px 0",
                    "overflow": "hidden",
                    "padding": 0,
                    "position": "absolute",
                    "whiteSpace": "nowrap",
                    "width": 1,
                  }
                }
              >
                <input
                  aria-label="Label 1"
                  checked={false}
                  disabled={false}
                  onBlur={[Function]}
                  onChange={[Function]}
                  onClick={[Function]}
                  onDragStart={[Function]}
                  onFocus={[Function]}
                  onKeyDown={[Function]}
                  onKeyUp={[Function]}
                  onMouseDown={[Function]}
                  onMouseEnter={[Function]}
                  onMouseLeave={[Function]}
                  onMouseUp={[Function]}
                  onTouchCancel={[Function]}
                  onTouchEnd={[Function]}
                  onTouchMove={[Function]}
                  onTouchStart={[Function]}
                  type="checkbox"
                  value="Label 1"
                />
              </div>
              <div
                className="css-view-175oi2r"
                data-style="1llw3v1-1jvh2c 1llw3v1-17xx5qx"
                dir={null}
              >
                <svg
                  data-style="b2xdcj-41m04e 1ce6dyn-odyoag"
                >
                  <svg
                    data-style="e1czrg-161uaf5 e1czrg-1374l6k 896xuz-1q64x7k"
                    role="img"
                    size="md"
                    viewBox="0 0 24 24"
                  >
                    <g>
                      <path
                        d="M8.53115 15.1856L3.96198 10.744L2 12.6512L8.53115 19L22 5.9072L20.038 4L8.53115 15.1856Z"
                        fill="currentColor"
                        stroke=""
                      />
                    </g>
                  </svg>
                </svg>
              </div>
              <div
                className="css-text-1rynq56"
                data-style="y756bg-sp0qff"
                dir="auto"
              >
                Label 1
              </div>
            </label>
            <label
              aria-label="Checkbox"
              className="css-view-175oi2r"
              data-style="1p9eydi-1mdhnmt"
              dir={null}
              id="checkbox-2"
            >
              <div
                onBlur={null}
                onFocus={null}
                style={
                  {
                    "border": 0,
                    "clip": "rect(0 0 0 0)",
                    "clipPath": "inset(50%)",
                    "height": 1,
                    "margin": "0 -1px -1px 0",
                    "overflow": "hidden",
                    "padding": 0,
                    "position": "absolute",
                    "whiteSpace": "nowrap",
                    "width": 1,
                  }
                }
              >
                <input
                  aria-label="Label 2"
                  checked={false}
                  disabled={false}
                  onBlur={[Function]}
                  onChange={[Function]}
                  onClick={[Function]}
                  onDragStart={[Function]}
                  onFocus={[Function]}
                  onKeyDown={[Function]}
                  onKeyUp={[Function]}
                  onMouseDown={[Function]}
                  onMouseEnter={[Function]}
                  onMouseLeave={[Function]}
                  onMouseUp={[Function]}
                  onTouchCancel={[Function]}
                  onTouchEnd={[Function]}
                  onTouchMove={[Function]}
                  onTouchStart={[Function]}
                  type="checkbox"
                  value="Label 2"
                />
              </div>
              <div
                className="css-view-175oi2r"
                data-style="1llw3v1-1jvh2c 1llw3v1-17xx5qx"
                dir={null}
              >
                <svg
                  data-style="b2xdcj-41m04e 1ce6dyn-odyoag"
                >
                  <svg
                    data-style="e1czrg-161uaf5 e1czrg-1374l6k 896xuz-1q64x7k"
                    role="img"
                    size="md"
                    viewBox="0 0 24 24"
                  >
                    <g>
                      <path
                        d="M8.53115 15.1856L3.96198 10.744L2 12.6512L8.53115 19L22 5.9072L20.038 4L8.53115 15.1856Z"
                        fill="currentColor"
                        stroke=""
                      />
                    </g>
                  </svg>
                </svg>
              </div>
              <div
                className="css-text-1rynq56"
                data-style="y756bg-sp0qff"
                dir="auto"
              >
                Label 2
              </div>
            </label>
          </div>
        </div>
      </div>
    </div>
  </div>
</div>
`;

exports[`Checkbox component isReadOnly 1`] = `
<div
  className="css-view-175oi2r"
  data-style="896xuz-1q64x7k n7aciq-1q64x7k"
  dir={null}
>
  <div
    className="css-view-175oi2r"
    data-style="wj8veg-1hh0pc0 yljpgc-5lm9f0"
    dir={null}
  >
    <div
      className="css-view-175oi2r"
      data-style="896xuz-1q64x7k n7aciq-1q64x7k"
      dir={null}
    >
      <div
        className="css-view-175oi2r"
        data-style="wj8veg-1hh0pc0 yljpgc-5lm9f0"
        dir={null}
      >
        <div
          className="css-view-175oi2r"
          data-style="wj8veg-1hh0pc0"
          dir={null}
        >
          <div
            className="css-text-1rynq56"
            data-style="1milmwi-1k7pv9v 1milmwi-1j1xgf6"
            dir="auto"
          >
            (Selected: 0)
          </div>
          <div
            className="css-view-175oi2r"
            data-style="896xuz-1q64x7k"
            dir={null}
            id="checkbox-group"
            role="group"
          >
            <label
              aria-label="Checkbox"
              className="css-view-175oi2r"
              data-style="1p9eydi-1mdhnmt"
              dir={null}
              id="checkbox-1"
            >
              <div
                onBlur={null}
                onFocus={null}
                style={
                  {
                    "border": 0,
                    "clip": "rect(0 0 0 0)",
                    "clipPath": "inset(50%)",
                    "height": 1,
                    "margin": "0 -1px -1px 0",
                    "overflow": "hidden",
                    "padding": 0,
                    "position": "absolute",
                    "whiteSpace": "nowrap",
                    "width": 1,
                  }
                }
              >
                <input
                  aria-label="Label 1"
                  aria-readonly={true}
                  checked={false}
                  disabled={false}
                  onBlur={[Function]}
                  onChange={[Function]}
                  onClick={[Function]}
                  onDragStart={[Function]}
                  onFocus={[Function]}
                  onKeyDown={[Function]}
                  onKeyUp={[Function]}
                  onMouseDown={[Function]}
                  onMouseEnter={[Function]}
                  onMouseLeave={[Function]}
                  onMouseUp={[Function]}
                  onTouchCancel={[Function]}
                  onTouchEnd={[Function]}
                  onTouchMove={[Function]}
                  onTouchStart={[Function]}
                  type="checkbox"
                  value="Label 1"
                />
              </div>
              <div
                className="css-view-175oi2r"
                data-style="1llw3v1-1jvh2c"
                dir={null}
              >
                <svg
                  data-style="b2xdcj-41m04e 1ce6dyn-odyoag"
                >
                  <svg
                    data-style="e1czrg-161uaf5 e1czrg-1374l6k 896xuz-1q64x7k"
                    role="img"
                    size="md"
                    viewBox="0 0 24 24"
                  >
                    <g>
                      <path
                        d="M8.53115 15.1856L3.96198 10.744L2 12.6512L8.53115 19L22 5.9072L20.038 4L8.53115 15.1856Z"
                        fill="currentColor"
                        stroke=""
                      />
                    </g>
                  </svg>
                </svg>
              </div>
              <div
                className="css-text-1rynq56"
                data-style="y756bg-sp0qff"
                dir="auto"
              >
                Label 1
              </div>
            </label>
            <label
              aria-label="Checkbox"
              className="css-view-175oi2r"
              data-style="1p9eydi-1mdhnmt"
              dir={null}
              id="checkbox-2"
            >
              <div
                onBlur={null}
                onFocus={null}
                style={
                  {
                    "border": 0,
                    "clip": "rect(0 0 0 0)",
                    "clipPath": "inset(50%)",
                    "height": 1,
                    "margin": "0 -1px -1px 0",
                    "overflow": "hidden",
                    "padding": 0,
                    "position": "absolute",
                    "whiteSpace": "nowrap",
                    "width": 1,
                  }
                }
              >
                <input
                  aria-label="Label 2"
                  aria-readonly={true}
                  checked={false}
                  disabled={false}
                  onBlur={[Function]}
                  onChange={[Function]}
                  onClick={[Function]}
                  onDragStart={[Function]}
                  onFocus={[Function]}
                  onKeyDown={[Function]}
                  onKeyUp={[Function]}
                  onMouseDown={[Function]}
                  onMouseEnter={[Function]}
                  onMouseLeave={[Function]}
                  onMouseUp={[Function]}
                  onTouchCancel={[Function]}
                  onTouchEnd={[Function]}
                  onTouchMove={[Function]}
                  onTouchStart={[Function]}
                  type="checkbox"
                  value="Label 2"
                />
              </div>
              <div
                className="css-view-175oi2r"
                data-style="1llw3v1-1jvh2c"
                dir={null}
              >
                <svg
                  data-style="b2xdcj-41m04e 1ce6dyn-odyoag"
                >
                  <svg
                    data-style="e1czrg-161uaf5 e1czrg-1374l6k 896xuz-1q64x7k"
                    role="img"
                    size="md"
                    viewBox="0 0 24 24"
                  >
                    <g>
                      <path
                        d="M8.53115 15.1856L3.96198 10.744L2 12.6512L8.53115 19L22 5.9072L20.038 4L8.53115 15.1856Z"
                        fill="currentColor"
                        stroke=""
                      />
                    </g>
                  </svg>
                </svg>
              </div>
              <div
                className="css-text-1rynq56"
                data-style="y756bg-sp0qff"
                dir="auto"
              >
                Label 2
              </div>
            </label>
          </div>
        </div>
      </div>
    </div>
  </div>
</div>
`;

exports[`Checkbox component size lg 1`] = `
<div
  className="css-view-175oi2r"
  data-style="896xuz-1q64x7k n7aciq-1q64x7k"
  dir={null}
>
  <div
    className="css-view-175oi2r"
    data-style="wj8veg-1hh0pc0 yljpgc-5lm9f0"
    dir={null}
  >
    <div
      className="css-view-175oi2r"
      data-style="896xuz-1q64x7k n7aciq-1q64x7k"
      dir={null}
    >
      <div
        className="css-view-175oi2r"
        data-style="wj8veg-1hh0pc0 yljpgc-5lm9f0"
        dir={null}
      >
        <div
          className="css-view-175oi2r"
          data-style="wj8veg-1hh0pc0"
          dir={null}
        >
          <div
            className="css-text-1rynq56"
            data-style="1milmwi-1k7pv9v 1milmwi-1j1xgf6"
            dir="auto"
          >
            (Selected: 0)
          </div>
          <div
            className="css-view-175oi2r"
            data-style="896xuz-1q64x7k"
            dir={null}
            id="checkbox-group"
            role="group"
          >
            <label
              aria-label="Checkbox"
              className="css-view-175oi2r"
              data-style="1p9eydi-1mdhnmt 1p9eydi-ksaz4x"
              dir={null}
              id="checkbox-1"
            >
              <div
                onBlur={null}
                onFocus={null}
                style={
                  {
                    "border": 0,
                    "clip": "rect(0 0 0 0)",
                    "clipPath": "inset(50%)",
                    "height": 1,
                    "margin": "0 -1px -1px 0",
                    "overflow": "hidden",
                    "padding": 0,
                    "position": "absolute",
                    "whiteSpace": "nowrap",
                    "width": 1,
                  }
                }
              >
                <input
                  aria-label="Label 1"
                  checked={false}
                  disabled={false}
                  onBlur={[Function]}
                  onChange={[Function]}
                  onClick={[Function]}
                  onDragStart={[Function]}
                  onFocus={[Function]}
                  onKeyDown={[Function]}
                  onKeyUp={[Function]}
                  onMouseDown={[Function]}
                  onMouseEnter={[Function]}
                  onMouseLeave={[Function]}
                  onMouseUp={[Function]}
                  onTouchCancel={[Function]}
                  onTouchEnd={[Function]}
                  onTouchMove={[Function]}
                  onTouchStart={[Function]}
                  type="checkbox"
                  value="Label 1"
                />
              </div>
              <div
                className="css-view-175oi2r"
                data-style="1llw3v1-1jvh2c 1p9eydi-1tbck4z"
                dir={null}
              >
                <svg
                  data-style="b2xdcj-41m04e 1p9eydi-wnd9tc 1ce6dyn-odyoag"
                >
                  <svg
                    data-style="e1czrg-161uaf5 e1czrg-1374l6k 1p9eydi-wnd9tc 896xuz-1q64x7k 1p9eydi-wnd9tc"
                    role="img"
                    size="md"
                    viewBox="0 0 24 24"
                  >
                    <g>
                      <path
                        d="M8.53115 15.1856L3.96198 10.744L2 12.6512L8.53115 19L22 5.9072L20.038 4L8.53115 15.1856Z"
                        fill="currentColor"
                        stroke=""
                      />
                    </g>
                  </svg>
                </svg>
              </div>
              <div
                className="css-text-1rynq56"
                data-style="y756bg-sp0qff 1p9eydi-17ut2f4"
                dir="auto"
              >
                Label 1
              </div>
            </label>
            <label
              aria-label="Checkbox"
              className="css-view-175oi2r"
              data-style="1p9eydi-1mdhnmt 1p9eydi-ksaz4x"
              dir={null}
              id="checkbox-2"
            >
              <div
                onBlur={null}
                onFocus={null}
                style={
                  {
                    "border": 0,
                    "clip": "rect(0 0 0 0)",
                    "clipPath": "inset(50%)",
                    "height": 1,
                    "margin": "0 -1px -1px 0",
                    "overflow": "hidden",
                    "padding": 0,
                    "position": "absolute",
                    "whiteSpace": "nowrap",
                    "width": 1,
                  }
                }
              >
                <input
                  aria-label="Label 2"
                  checked={false}
                  disabled={false}
                  onBlur={[Function]}
                  onChange={[Function]}
                  onClick={[Function]}
                  onDragStart={[Function]}
                  onFocus={[Function]}
                  onKeyDown={[Function]}
                  onKeyUp={[Function]}
                  onMouseDown={[Function]}
                  onMouseEnter={[Function]}
                  onMouseLeave={[Function]}
                  onMouseUp={[Function]}
                  onTouchCancel={[Function]}
                  onTouchEnd={[Function]}
                  onTouchMove={[Function]}
                  onTouchStart={[Function]}
                  type="checkbox"
                  value="Label 2"
                />
              </div>
              <div
                className="css-view-175oi2r"
                data-style="1llw3v1-1jvh2c 1p9eydi-1tbck4z"
                dir={null}
              >
                <svg
                  data-style="b2xdcj-41m04e 1p9eydi-wnd9tc 1ce6dyn-odyoag"
                >
                  <svg
                    data-style="e1czrg-161uaf5 e1czrg-1374l6k 1p9eydi-wnd9tc 896xuz-1q64x7k 1p9eydi-wnd9tc"
                    role="img"
                    size="md"
                    viewBox="0 0 24 24"
                  >
                    <g>
                      <path
                        d="M8.53115 15.1856L3.96198 10.744L2 12.6512L8.53115 19L22 5.9072L20.038 4L8.53115 15.1856Z"
                        fill="currentColor"
                        stroke=""
                      />
                    </g>
                  </svg>
                </svg>
              </div>
              <div
                className="css-text-1rynq56"
                data-style="y756bg-sp0qff 1p9eydi-17ut2f4"
                dir="auto"
              >
                Label 2
              </div>
            </label>
          </div>
        </div>
      </div>
    </div>
  </div>
</div>
`;

exports[`Checkbox component size md 1`] = `
<div
  className="css-view-175oi2r"
  data-style="896xuz-1q64x7k n7aciq-1q64x7k"
  dir={null}
>
  <div
    className="css-view-175oi2r"
    data-style="wj8veg-1hh0pc0 yljpgc-5lm9f0"
    dir={null}
  >
    <div
      className="css-view-175oi2r"
      data-style="896xuz-1q64x7k n7aciq-1q64x7k"
      dir={null}
    >
      <div
        className="css-view-175oi2r"
        data-style="wj8veg-1hh0pc0 yljpgc-5lm9f0"
        dir={null}
      >
        <div
          className="css-view-175oi2r"
          data-style="wj8veg-1hh0pc0"
          dir={null}
        >
          <div
            className="css-text-1rynq56"
            data-style="1milmwi-1k7pv9v 1milmwi-1j1xgf6"
            dir="auto"
          >
            (Selected: 0)
          </div>
          <div
            className="css-view-175oi2r"
            data-style="896xuz-1q64x7k"
            dir={null}
            id="checkbox-group"
            role="group"
          >
            <label
              aria-label="Checkbox"
              className="css-view-175oi2r"
              data-style="1p9eydi-1mdhnmt 1p9eydi-1ebsp7h"
              dir={null}
              id="checkbox-1"
            >
              <div
                onBlur={null}
                onFocus={null}
                style={
                  {
                    "border": 0,
                    "clip": "rect(0 0 0 0)",
                    "clipPath": "inset(50%)",
                    "height": 1,
                    "margin": "0 -1px -1px 0",
                    "overflow": "hidden",
                    "padding": 0,
                    "position": "absolute",
                    "whiteSpace": "nowrap",
                    "width": 1,
                  }
                }
              >
                <input
                  aria-label="Label 1"
                  checked={false}
                  disabled={false}
                  onBlur={[Function]}
                  onChange={[Function]}
                  onClick={[Function]}
                  onDragStart={[Function]}
                  onFocus={[Function]}
                  onKeyDown={[Function]}
                  onKeyUp={[Function]}
                  onMouseDown={[Function]}
                  onMouseEnter={[Function]}
                  onMouseLeave={[Function]}
                  onMouseUp={[Function]}
                  onTouchCancel={[Function]}
                  onTouchEnd={[Function]}
                  onTouchMove={[Function]}
                  onTouchStart={[Function]}
                  type="checkbox"
                  value="Label 1"
                />
              </div>
              <div
                className="css-view-175oi2r"
                data-style="1llw3v1-1jvh2c 1p9eydi-10d27qj"
                dir={null}
              >
                <svg
                  data-style="b2xdcj-41m04e 1p9eydi-lfqm4y 1ce6dyn-odyoag"
                >
                  <svg
                    data-style="e1czrg-161uaf5 e1czrg-1374l6k 1p9eydi-lfqm4y 896xuz-1q64x7k 1p9eydi-lfqm4y"
                    role="img"
                    size="md"
                    viewBox="0 0 24 24"
                  >
                    <g>
                      <path
                        d="M8.53115 15.1856L3.96198 10.744L2 12.6512L8.53115 19L22 5.9072L20.038 4L8.53115 15.1856Z"
                        fill="currentColor"
                        stroke=""
                      />
                    </g>
                  </svg>
                </svg>
              </div>
              <div
                className="css-text-1rynq56"
                data-style="y756bg-sp0qff 1p9eydi-vq6gb4"
                dir="auto"
              >
                Label 1
              </div>
            </label>
            <label
              aria-label="Checkbox"
              className="css-view-175oi2r"
              data-style="1p9eydi-1mdhnmt 1p9eydi-1ebsp7h"
              dir={null}
              id="checkbox-2"
            >
              <div
                onBlur={null}
                onFocus={null}
                style={
                  {
                    "border": 0,
                    "clip": "rect(0 0 0 0)",
                    "clipPath": "inset(50%)",
                    "height": 1,
                    "margin": "0 -1px -1px 0",
                    "overflow": "hidden",
                    "padding": 0,
                    "position": "absolute",
                    "whiteSpace": "nowrap",
                    "width": 1,
                  }
                }
              >
                <input
                  aria-label="Label 2"
                  checked={false}
                  disabled={false}
                  onBlur={[Function]}
                  onChange={[Function]}
                  onClick={[Function]}
                  onDragStart={[Function]}
                  onFocus={[Function]}
                  onKeyDown={[Function]}
                  onKeyUp={[Function]}
                  onMouseDown={[Function]}
                  onMouseEnter={[Function]}
                  onMouseLeave={[Function]}
                  onMouseUp={[Function]}
                  onTouchCancel={[Function]}
                  onTouchEnd={[Function]}
                  onTouchMove={[Function]}
                  onTouchStart={[Function]}
                  type="checkbox"
                  value="Label 2"
                />
              </div>
              <div
                className="css-view-175oi2r"
                data-style="1llw3v1-1jvh2c 1p9eydi-10d27qj"
                dir={null}
              >
                <svg
                  data-style="b2xdcj-41m04e 1p9eydi-lfqm4y 1ce6dyn-odyoag"
                >
                  <svg
                    data-style="e1czrg-161uaf5 e1czrg-1374l6k 1p9eydi-lfqm4y 896xuz-1q64x7k 1p9eydi-lfqm4y"
                    role="img"
                    size="md"
                    viewBox="0 0 24 24"
                  >
                    <g>
                      <path
                        d="M8.53115 15.1856L3.96198 10.744L2 12.6512L8.53115 19L22 5.9072L20.038 4L8.53115 15.1856Z"
                        fill="currentColor"
                        stroke=""
                      />
                    </g>
                  </svg>
                </svg>
              </div>
              <div
                className="css-text-1rynq56"
                data-style="y756bg-sp0qff 1p9eydi-vq6gb4"
                dir="auto"
              >
                Label 2
              </div>
            </label>
          </div>
        </div>
      </div>
    </div>
  </div>
</div>
`;

exports[`Checkbox component size sm 1`] = `
<div
  className="css-view-175oi2r"
  data-style="896xuz-1q64x7k n7aciq-1q64x7k"
  dir={null}
>
  <div
    className="css-view-175oi2r"
    data-style="wj8veg-1hh0pc0 yljpgc-5lm9f0"
    dir={null}
  >
    <div
      className="css-view-175oi2r"
      data-style="896xuz-1q64x7k n7aciq-1q64x7k"
      dir={null}
    >
      <div
        className="css-view-175oi2r"
        data-style="wj8veg-1hh0pc0 yljpgc-5lm9f0"
        dir={null}
      >
        <div
          className="css-view-175oi2r"
          data-style="wj8veg-1hh0pc0"
          dir={null}
        >
          <div
            className="css-text-1rynq56"
            data-style="1milmwi-1k7pv9v 1milmwi-1j1xgf6"
            dir="auto"
          >
            (Selected: 0)
          </div>
          <div
            className="css-view-175oi2r"
            data-style="896xuz-1q64x7k"
            dir={null}
            id="checkbox-group"
            role="group"
          >
            <label
              aria-label="Checkbox"
              className="css-view-175oi2r"
              data-style="1p9eydi-1mdhnmt 1p9eydi-1ksor04"
              dir={null}
              id="checkbox-1"
            >
              <div
                onBlur={null}
                onFocus={null}
                style={
                  {
                    "border": 0,
                    "clip": "rect(0 0 0 0)",
                    "clipPath": "inset(50%)",
                    "height": 1,
                    "margin": "0 -1px -1px 0",
                    "overflow": "hidden",
                    "padding": 0,
                    "position": "absolute",
                    "whiteSpace": "nowrap",
                    "width": 1,
                  }
                }
              >
                <input
                  aria-label="Label 1"
                  checked={false}
                  disabled={false}
                  onBlur={[Function]}
                  onChange={[Function]}
                  onClick={[Function]}
                  onDragStart={[Function]}
                  onFocus={[Function]}
                  onKeyDown={[Function]}
                  onKeyUp={[Function]}
                  onMouseDown={[Function]}
                  onMouseEnter={[Function]}
                  onMouseLeave={[Function]}
                  onMouseUp={[Function]}
                  onTouchCancel={[Function]}
                  onTouchEnd={[Function]}
                  onTouchMove={[Function]}
                  onTouchStart={[Function]}
                  type="checkbox"
                  value="Label 1"
                />
              </div>
              <div
                className="css-view-175oi2r"
                data-style="1llw3v1-1jvh2c 1p9eydi-1rh3r0r"
                dir={null}
              >
                <svg
                  data-style="b2xdcj-41m04e 1p9eydi-14om591 1ce6dyn-odyoag"
                >
                  <svg
                    data-style="e1czrg-161uaf5 e1czrg-1374l6k 1p9eydi-14om591 896xuz-1q64x7k 1p9eydi-14om591"
                    role="img"
                    size="md"
                    viewBox="0 0 24 24"
                  >
                    <g>
                      <path
                        d="M8.53115 15.1856L3.96198 10.744L2 12.6512L8.53115 19L22 5.9072L20.038 4L8.53115 15.1856Z"
                        fill="currentColor"
                        stroke=""
                      />
                    </g>
                  </svg>
                </svg>
              </div>
              <div
                className="css-text-1rynq56"
                data-style="y756bg-sp0qff 1p9eydi-12m2qyn"
                dir="auto"
              >
                Label 1
              </div>
            </label>
            <label
              aria-label="Checkbox"
              className="css-view-175oi2r"
              data-style="1p9eydi-1mdhnmt 1p9eydi-1ksor04"
              dir={null}
              id="checkbox-2"
            >
              <div
                onBlur={null}
                onFocus={null}
                style={
                  {
                    "border": 0,
                    "clip": "rect(0 0 0 0)",
                    "clipPath": "inset(50%)",
                    "height": 1,
                    "margin": "0 -1px -1px 0",
                    "overflow": "hidden",
                    "padding": 0,
                    "position": "absolute",
                    "whiteSpace": "nowrap",
                    "width": 1,
                  }
                }
              >
                <input
                  aria-label="Label 2"
                  checked={false}
                  disabled={false}
                  onBlur={[Function]}
                  onChange={[Function]}
                  onClick={[Function]}
                  onDragStart={[Function]}
                  onFocus={[Function]}
                  onKeyDown={[Function]}
                  onKeyUp={[Function]}
                  onMouseDown={[Function]}
                  onMouseEnter={[Function]}
                  onMouseLeave={[Function]}
                  onMouseUp={[Function]}
                  onTouchCancel={[Function]}
                  onTouchEnd={[Function]}
                  onTouchMove={[Function]}
                  onTouchStart={[Function]}
                  type="checkbox"
                  value="Label 2"
                />
              </div>
              <div
                className="css-view-175oi2r"
                data-style="1llw3v1-1jvh2c 1p9eydi-1rh3r0r"
                dir={null}
              >
                <svg
                  data-style="b2xdcj-41m04e 1p9eydi-14om591 1ce6dyn-odyoag"
                >
                  <svg
                    data-style="e1czrg-161uaf5 e1czrg-1374l6k 1p9eydi-14om591 896xuz-1q64x7k 1p9eydi-14om591"
                    role="img"
                    size="md"
                    viewBox="0 0 24 24"
                  >
                    <g>
                      <path
                        d="M8.53115 15.1856L3.96198 10.744L2 12.6512L8.53115 19L22 5.9072L20.038 4L8.53115 15.1856Z"
                        fill="currentColor"
                        stroke=""
                      />
                    </g>
                  </svg>
                </svg>
              </div>
              <div
                className="css-text-1rynq56"
                data-style="y756bg-sp0qff 1p9eydi-12m2qyn"
                dir="auto"
              >
                Label 2
              </div>
            </label>
          </div>
        </div>
      </div>
    </div>
  </div>
</div>
`;
